// Jest Snapshot v1, https://goo.gl/fbAQLP

exports[`IceCreamImage should load and display the ice cream image 1`] = `
<img
  alt=""
  src="/ice-cream-images/ice-cream-12.svg"
/>
`;
